127.0.0.1 - - [23/May/2024:10:09:07 +0900] "GET / HTTP/1.1" 404 808
0:0:0:0:0:0:0:1 - - [23/May/2024:10:09:07 +0900] "GET /tutorial/WEB-INF/web.xml HTTP/1.1" 404 722
0:0:0:0:0:0:0:1 - - [23/May/2024:10:09:07 +0900] "GET /favicon.ico HTTP/1.1" 404 819
192.168.4.120 - - [23/May/2024:10:09:14 +0900] "GET /tutorial/Gugudan.hun HTTP/1.1" 404 832
127.0.0.1 - - [23/May/2024:10:12:20 +0900] "GET / HTTP/1.1" 404 808
0:0:0:0:0:0:0:1 - - [23/May/2024:10:12:20 +0900] "GET /tutorial/WEB-INF/web.xml HTTP/1.1" 404 722
0:0:0:0:0:0:0:1 - - [23/May/2024:10:12:20 +0900] "GET /favicon.ico HTTP/1.1" 404 819
127.0.0.1 - - [23/May/2024:10:14:37 +0900] "GET / HTTP/1.1" 404 808
0:0:0:0:0:0:0:1 - - [23/May/2024:10:14:37 +0900] "GET /tutorial/WEB-INF/classes/tutorial/Gugudan.java HTTP/1.1" 404 722
0:0:0:0:0:0:0:1 - - [23/May/2024:10:14:37 +0900] "GET /favicon.ico HTTP/1.1" 404 819
127.0.0.1 - - [23/May/2024:10:17:15 +0900] "GET / HTTP/1.1" 404 808
0:0:0:0:0:0:0:1 - - [23/May/2024:10:17:16 +0900] "GET /tutorial/WEB-INF/classes/tutorial/Gugudan.java HTTP/1.1" 404 722
0:0:0:0:0:0:0:1 - - [23/May/2024:10:17:16 +0900] "GET /favicon.ico HTTP/1.1" 404 819
192.168.4.120 - - [23/May/2024:10:17:31 +0900] "GET /tutorial/Gugudan.hun HTTP/1.1" 404 832
192.168.4.120 - - [23/May/2024:10:17:32 +0900] "GET /tutorial/Gugudan.hun HTTP/1.1" 404 832
192.168.4.120 - - [23/May/2024:10:17:33 +0900] "GET /tutorial/Gugudan.hun HTTP/1.1" 404 832
192.168.4.120 - - [23/May/2024:10:17:34 +0900] "GET /tutorial/Gugudan.hun HTTP/1.1" 404 832
127.0.0.1 - - [23/May/2024:11:26:56 +0900] "GET / HTTP/1.1" 404 808
0:0:0:0:0:0:0:1 - - [23/May/2024:11:26:57 +0900] "GET /tutorial/WEB-INF/web.xml HTTP/1.1" 404 722
0:0:0:0:0:0:0:1 - - [23/May/2024:11:26:57 +0900] "GET /favicon.ico HTTP/1.1" 404 819
192.168.4.120 - - [23/May/2024:11:26:58 +0900] "GET /tutorial/pizza HTTP/1.1" 200 -
127.0.0.1 - - [23/May/2024:11:27:08 +0900] "GET / HTTP/1.1" 404 808
192.168.4.120 - - [23/May/2024:11:27:16 +0900] "GET /tutorial/pizza HTTP/1.1" 200 -
192.168.4.120 - - [23/May/2024:11:28:08 +0900] "GET /tutorial/pizza?slice=3&n=7 HTTP/1.1" 200 -
192.168.4.120 - - [23/May/2024:11:30:09 +0900] "GET /tutorial/pizza?slice=3&n=7 HTTP/1.1" 200 -
192.168.4.120 - - [23/May/2024:11:49:04 +0900] "GET /tutorial/pizza?slice=3&n=7 HTTP/1.1" 200 -
192.168.4.120 - - [23/May/2024:11:49:12 +0900] "GET /tutorial/pizza HTTP/1.1" 200 -
192.168.4.120 - - [23/May/2024:12:53:19 +0900] "GET /tutorial/pizza HTTP/1.1" 200 -
192.168.4.120 - - [23/May/2024:12:53:31 +0900] "GET /tutorial/pizza?slice=3&n=7 HTTP/1.1" 200 23
192.168.4.22 - - [23/May/2024:12:57:50 +0900] "GET /tutorial/pizza?slice=7&n=10 HTTP/1.1" 200 23
192.168.4.120 - - [23/May/2024:12:58:38 +0900] "GET /tutorial/pizza?slice=3&n=7 HTTP/1.1" 200 23
192.168.4.120 - - [23/May/2024:12:59:01 +0900] "GET /tutorial/pizza?slice=3&n=7 HTTP/1.1" 200 23
192.168.4.120 - - [23/May/2024:13:09:32 +0900] "GET /tutorial/Lamb HTTP/1.1" 404 825
127.0.0.1 - - [23/May/2024:13:09:46 +0900] "GET / HTTP/1.1" 404 808
0:0:0:0:0:0:0:1 - - [23/May/2024:13:09:46 +0900] "GET /tutorial/WEB-INF/classes/tutorial/Lamb.java HTTP/1.1" 404 722
0:0:0:0:0:0:0:1 - - [23/May/2024:13:09:46 +0900] "GET /favicon.ico HTTP/1.1" 404 819
192.168.4.120 - - [23/May/2024:13:09:50 +0900] "GET /tutorial/Lamb HTTP/1.1" 404 825
192.168.4.120 - - [23/May/2024:13:09:51 +0900] "GET /tutorial/Lamb HTTP/1.1" 404 825
192.168.4.120 - - [23/May/2024:13:09:52 +0900] "GET /tutorial/Lamb HTTP/1.1" 404 825
192.168.4.120 - - [23/May/2024:13:09:53 +0900] "GET /tutorial/Lamb HTTP/1.1" 404 825
192.168.4.120 - - [23/May/2024:13:09:53 +0900] "GET /tutorial/Lamb HTTP/1.1" 404 825
192.168.4.120 - - [23/May/2024:13:09:53 +0900] "GET /tutorial/Lamb HTTP/1.1" 404 825
192.168.4.120 - - [23/May/2024:13:09:54 +0900] "GET /tutorial/Lamb HTTP/1.1" 404 825
192.168.4.120 - - [23/May/2024:13:09:54 +0900] "GET /tutorial/Lamb HTTP/1.1" 404 825
192.168.4.120 - - [23/May/2024:13:22:22 +0900] "GET /tutorial/Lamb HTTP/1.1" 404 825
192.168.4.120 - - [23/May/2024:13:22:25 +0900] "GET /tutorial/Lamb HTTP/1.1" 404 825
192.168.4.120 - - [23/May/2024:13:22:25 +0900] "GET /tutorial/Lamb HTTP/1.1" 404 825
192.168.4.120 - - [23/May/2024:13:22:25 +0900] "GET /tutorial/Lamb HTTP/1.1" 404 825
192.168.4.120 - - [23/May/2024:13:22:26 +0900] "GET /tutorial/Lamb HTTP/1.1" 404 825
192.168.4.120 - - [23/May/2024:13:22:26 +0900] "GET /tutorial/Lamb HTTP/1.1" 404 825
192.168.4.120 - - [23/May/2024:13:22:26 +0900] "GET /tutorial/Lamb HTTP/1.1" 404 825
192.168.4.120 - - [23/May/2024:13:22:56 +0900] "GET /tutorial/lamb HTTP/1.1" 404 825
192.168.4.120 - - [23/May/2024:13:23:16 +0900] "GET /tutorial/lamb?n=10&k=3 HTTP/1.1" 404 825
127.0.0.1 - - [23/May/2024:13:24:02 +0900] "GET / HTTP/1.1" 404 808
192.168.4.120 - - [23/May/2024:13:24:09 +0900] "GET /tutorial/lamb?n=10&k=3 HTTP/1.1" 200 170
192.168.4.120 - - [23/May/2024:13:27:53 +0900] "GET /tutorial/lamb?n=10&k=3 HTTP/1.1" 200 171
192.168.4.120 - - [23/May/2024:13:27:58 +0900] "GET /tutorial/lamb?n=10&k=3 HTTP/1.1" 200 171
192.168.4.22 - - [23/May/2024:13:28:34 +0900] "GET /tutorial/lamb?n=10&k=3 HTTP/1.1" 200 171
192.168.4.22 - - [23/May/2024:13:28:35 +0900] "GET /favicon.ico HTTP/1.1" 404 819
127.0.0.1 - - [23/May/2024:13:31:54 +0900] "GET / HTTP/1.1" 404 808
0:0:0:0:0:0:0:1 - - [23/May/2024:13:31:54 +0900] "GET /tutorial/WEB-INF/classes/tutorial/lamb.java HTTP/1.1" 404 722
0:0:0:0:0:0:0:1 - - [23/May/2024:13:31:54 +0900] "GET /favicon.ico HTTP/1.1" 404 819
192.168.4.120 - - [23/May/2024:13:32:04 +0900] "GET /tutorial/lamb?n=10&k=3 HTTP/1.1" 200 302
192.168.4.120 - - [23/May/2024:13:32:52 +0900] "GET /tutorial/lamb?n=10&k=3 HTTP/1.1" 200 302
192.168.4.120 - - [23/May/2024:13:32:55 +0900] "GET /tutorial/lamb?n=10&k=3 HTTP/1.1" 200 310
127.0.0.1 - - [23/May/2024:13:35:27 +0900] "GET / HTTP/1.1" 404 808
0:0:0:0:0:0:0:1 - - [23/May/2024:13:35:28 +0900] "GET /tutorial/WEB-INF/classes/tutorial/lamb.java HTTP/1.1" 404 722
0:0:0:0:0:0:0:1 - - [23/May/2024:13:35:28 +0900] "GET /favicon.ico HTTP/1.1" 404 819
192.168.4.120 - - [23/May/2024:13:35:32 +0900] "GET /tutorial/lamb?n=10&k=3 HTTP/1.1" 200 375
127.0.0.1 - - [23/May/2024:13:41:41 +0900] "GET / HTTP/1.1" 404 808
0:0:0:0:0:0:0:1 - - [23/May/2024:13:41:41 +0900] "GET /tutorial/WEB-INF/classes/tutorial/lamb.java HTTP/1.1" 404 722
0:0:0:0:0:0:0:1 - - [23/May/2024:13:41:41 +0900] "GET /favicon.ico HTTP/1.1" 404 819
192.168.4.120 - - [23/May/2024:13:41:47 +0900] "GET /tutorial/lamb?n=10&k=3 HTTP/1.1" 500 267
192.168.4.120 - - [23/May/2024:13:41:49 +0900] "GET /tutorial/lamb?n=10&k=3 HTTP/1.1" 500 267
127.0.0.1 - - [23/May/2024:13:42:06 +0900] "GET / HTTP/1.1" 404 808
0:0:0:0:0:0:0:1 - - [23/May/2024:13:42:07 +0900] "GET /tutorial/WEB-INF/classes/tutorial/lamb.java HTTP/1.1" 404 722
0:0:0:0:0:0:0:1 - - [23/May/2024:13:42:07 +0900] "GET /favicon.ico HTTP/1.1" 404 819
192.168.4.120 - - [23/May/2024:13:42:09 +0900] "GET /tutorial/lamb?n=10&k=3 HTTP/1.1" 500 339
192.168.4.120 - - [23/May/2024:13:42:12 +0900] "GET /tutorial/lamb?n=10&k=3 HTTP/1.1" 500 339
192.168.4.120 - - [23/May/2024:13:42:35 +0900] "GET /tutorial/lamb?n=10&k=3 HTTP/1.1" 500 339
192.168.4.120 - - [23/May/2024:13:42:36 +0900] "GET /tutorial/lamb?n=10&k=3 HTTP/1.1" 200 394
127.0.0.1 - - [23/May/2024:13:43:01 +0900] "GET / HTTP/1.1" 404 808
0:0:0:0:0:0:0:1 - - [23/May/2024:13:43:01 +0900] "GET /tutorial/WEB-INF/classes/tutorial/lamb.java HTTP/1.1" 404 722
192.168.4.120 - - [23/May/2024:13:43:03 +0900] "GET /tutorial/lamb?n=10&k=3 HTTP/1.1" 200 395
127.0.0.1 - - [23/May/2024:13:43:49 +0900] "GET / HTTP/1.1" 404 808
0:0:0:0:0:0:0:1 - - [23/May/2024:13:43:49 +0900] "GET /tutorial/WEB-INF/classes/tutorial/lamb.java HTTP/1.1" 404 722
0:0:0:0:0:0:0:1 - - [23/May/2024:13:43:49 +0900] "GET /favicon.ico HTTP/1.1" 404 819
192.168.4.120 - - [23/May/2024:13:43:50 +0900] "GET /tutorial/lamb?n=10&k=3 HTTP/1.1" 200 398
192.168.4.120 - - [23/May/2024:13:44:01 +0900] "GET /tutorial/lamb?n=10&k=3 HTTP/1.1" 200 395
127.0.0.1 - - [23/May/2024:13:44:01 +0900] "GET / HTTP/1.1" 404 808
0:0:0:0:0:0:0:1 - - [23/May/2024:13:44:02 +0900] "GET /tutorial/WEB-INF/classes/tutorial/lamb.java HTTP/1.1" 404 722
0:0:0:0:0:0:0:1 - - [23/May/2024:13:44:02 +0900] "GET /favicon.ico HTTP/1.1" 404 819
192.168.4.120 - - [23/May/2024:13:58:50 +0900] "GET /tutorial/lamb?n=10&k=3 HTTP/1.1" 200 395
192.168.4.120 - - [23/May/2024:13:59:05 +0900] "GET /tutorial/about.jsp HTTP/1.1" 200 128
0:0:0:0:0:0:0:1 - - [23/May/2024:13:59:13 +0900] "GET /tutorial/about.jsp HTTP/1.1" 200 128
0:0:0:0:0:0:0:1 - - [23/May/2024:13:59:13 +0900] "GET /favicon.ico HTTP/1.1" 404 819
192.168.4.120 - - [23/May/2024:13:59:20 +0900] "GET /tutorial/about.jsp HTTP/1.1" 200 128
192.168.4.120 - - [23/May/2024:13:59:21 +0900] "GET /tutorial/about.jsp HTTP/1.1" 200 128
192.168.4.120 - - [23/May/2024:13:59:21 +0900] "GET /tutorial/about.jsp HTTP/1.1" 200 128
192.168.4.120 - - [23/May/2024:13:59:21 +0900] "GET /tutorial/about.jsp HTTP/1.1" 200 128
192.168.4.120 - - [23/May/2024:13:59:21 +0900] "GET /tutorial/about.jsp HTTP/1.1" 200 128
0:0:0:0:0:0:0:1 - - [23/May/2024:14:00:26 +0900] "GET /tutorial/about.jsp HTTP/1.1" 200 128
0:0:0:0:0:0:0:1 - - [23/May/2024:14:00:26 +0900] "GET /favicon.ico HTTP/1.1" 404 819
0:0:0:0:0:0:0:1 - - [23/May/2024:14:08:55 +0900] "GET /tutorial/about.jsp HTTP/1.1" 200 532
0:0:0:0:0:0:0:1 - - [23/May/2024:14:08:55 +0900] "GET /favicon.ico HTTP/1.1" 404 819
192.168.4.120 - - [23/May/2024:14:09:31 +0900] "GET /tutorial/about.jsp HTTP/1.1" 200 532
0:0:0:0:0:0:0:1 - - [23/May/2024:14:11:08 +0900] "GET /tutorial/about.jsp HTTP/1.1" 200 532
0:0:0:0:0:0:0:1 - - [23/May/2024:14:11:08 +0900] "GET /favicon.ico HTTP/1.1" 404 819
0:0:0:0:0:0:0:1 - - [23/May/2024:14:16:51 +0900] "GET /tutorial/about.jsp HTTP/1.1" 200 532
0:0:0:0:0:0:0:1 - - [23/May/2024:14:16:57 +0900] "GET /tutorial/about.jsp HTTP/1.1" 200 586
0:0:0:0:0:0:0:1 - - [23/May/2024:14:16:57 +0900] "GET /favicon.ico HTTP/1.1" 404 819
0:0:0:0:0:0:0:1 - - [23/May/2024:14:27:13 +0900] "GET /tutorial/gugu.jsp HTTP/1.1" 200 521
0:0:0:0:0:0:0:1 - - [23/May/2024:14:27:13 +0900] "GET /favicon.ico HTTP/1.1" 404 819
0:0:0:0:0:0:0:1 - - [23/May/2024:14:27:19 +0900] "GET /tutorial/gugu.jsp HTTP/1.1" 200 521
0:0:0:0:0:0:0:1 - - [23/May/2024:14:27:20 +0900] "GET /tutorial/gugu.jsp HTTP/1.1" 200 521
0:0:0:0:0:0:0:1 - - [23/May/2024:14:27:20 +0900] "GET /tutorial/gugu.jsp HTTP/1.1" 200 521
0:0:0:0:0:0:0:1 - - [23/May/2024:14:27:24 +0900] "GET /tutorial/gugu.jsp HTTP/1.1" 200 520
127.0.0.1 - - [23/May/2024:14:37:34 +0900] "GET / HTTP/1.1" 404 808
0:0:0:0:0:0:0:1 - - [23/May/2024:14:37:34 +0900] "GET /tutorial/WEB-INF/birth.jsp HTTP/1.1" 404 722
0:0:0:0:0:0:0:1 - - [23/May/2024:14:37:35 +0900] "GET /favicon.ico HTTP/1.1" 404 819
127.0.0.1 - - [23/May/2024:14:38:24 +0900] "GET / HTTP/1.1" 404 808
0:0:0:0:0:0:0:1 - - [23/May/2024:14:38:24 +0900] "GET /tutorial/WEB-INF/birth.jsp HTTP/1.1" 404 722
0:0:0:0:0:0:0:1 - - [23/May/2024:14:38:24 +0900] "GET /favicon.ico HTTP/1.1" 404 819
127.0.0.1 - - [23/May/2024:14:54:53 +0900] "GET / HTTP/1.1" 404 808
0:0:0:0:0:0:0:1 - - [23/May/2024:14:54:53 +0900] "GET /tutorial/WEB-INF/birth.jsp HTTP/1.1" 404 722
0:0:0:0:0:0:0:1 - - [23/May/2024:14:54:53 +0900] "GET /favicon.ico HTTP/1.1" 404 819
192.168.4.120 - - [23/May/2024:14:55:18 +0900] "GET /tutorial/birth HTTP/1.1" 404 826
127.0.0.1 - - [23/May/2024:15:19:00 +0900] "GET /tutorial/WEB-INF/lib/fortune.jsp HTTP/1.1" 404 722
127.0.0.1 - - [23/May/2024:15:19:00 +0900] "GET /favicon.ico HTTP/1.1" 404 819
127.0.0.1 - - [23/May/2024:15:19:01 +0900] "GET / HTTP/1.1" 404 808
192.168.4.120 - - [23/May/2024:15:21:57 +0900] "GET /tutorial/birth HTTP/1.1" 404 826
192.168.4.120 - - [23/May/2024:15:21:58 +0900] "GET /tutorial/birth HTTP/1.1" 404 826
192.168.4.120 - - [23/May/2024:15:22:04 +0900] "GET /tutorial/birth HTTP/1.1" 404 826
192.168.4.22 - - [23/May/2024:15:57:57 +0900] "GET /tutorial/control.jsp?n=0&control=wsdawsdassw HTTP/1.1" 404 804
192.168.4.22 - - [23/May/2024:15:57:57 +0900] "GET /favicon.ico HTTP/1.1" 404 819
192.168.4.22 - - [23/May/2024:15:58:08 +0900] "GET /tutorial/fortune.jsp HTTP/1.1" 404 804
192.168.4.22 - - [23/May/2024:15:58:15 +0900] "GET /tutorial/about.jsp HTTP/1.1" 200 586
192.168.4.22 - - [23/May/2024:15:58:21 +0900] "GET /tutorial/birth.jsp HTTP/1.1" 404 802
192.168.4.22 - - [23/May/2024:15:58:28 +0900] "GET /tutorial/gugu.jsp HTTP/1.1" 200 518
192.168.4.22 - - [23/May/2024:15:58:33 +0900] "GET /tutorial/birth.jsp HTTP/1.1" 404 802
192.168.4.22 - - [23/May/2024:16:12:10 +0900] "GET /tutorial/fortune.jsp HTTP/1.1" 404 804
127.0.0.1 - - [23/May/2024:16:33:36 +0900] "GET / HTTP/1.1" 404 808
0:0:0:0:0:0:0:1 - - [23/May/2024:16:33:37 +0900] "GET /tutorial/manipulate.jsp HTTP/1.1" 500 6907
0:0:0:0:0:0:0:1 - - [23/May/2024:16:33:37 +0900] "GET /favicon.ico HTTP/1.1" 404 819
